// Jest Snapshot v1, https://goo.gl/fbAQLP

exports[`renders <Container /> correctly 1`] = `
<RNCSafeAreaView
  edges={
    Array [
      "bottom",
      "left",
      "right",
      "top",
    ]
  }
  style={
    Array [
      Object {
        "flexBasis": 0,
        "flexGrow": 1,
        "flexShrink": 1,
        "paddingBottom": 16,
        "paddingLeft": 40,
        "paddingRight": 40,
        "paddingTop": 16,
      },
    ]
  }
>
  <Text>
    Lorem ipsom
  </Text>
</RNCSafeAreaView>
`;
