// Jest Snapshot v1, https://goo.gl/fbAQLP

exports[`renders <Loading /> correctly 1`] = `
<ActivityIndicator
  color="#011B30"
  style={
    Array [
      Object {},
    ]
  }
/>
`;
